2025-11-22 04:06:46 [scrapy.utils.log] INFO: Scrapy 2.13.4 started (bot: scrapybot)
2025-11-22 04:06:46 [scrapy.utils.log] INFO: Versions:
{'lxml': '6.0.2',
 'libxml2': '2.11.9',
 'cssselect': '1.3.0',
 'parsel': '1.10.0',
 'w3lib': '2.3.1',
 'Twisted': '25.5.0',
 'Python': '3.13.7 (tags/v3.13.7:bcee1c3, Aug 14 2025, 14:15:11) [MSC v.1944 '
           '64 bit (AMD64)]',
 'pyOpenSSL': '25.3.0 (OpenSSL 3.5.4 30 Sep 2025)',
 'cryptography': '46.0.3',
 'Platform': 'Windows-11-10.0.26100-SP0'}
2025-11-22 04:06:46 [scrapy.addons] INFO: Enabled addons:
[]
2025-11-22 04:06:46 [scrapy.extensions.telnet] INFO: Telnet Password: e85a2b58e17b4e6f
2025-11-22 04:06:46 [scrapy.middleware] INFO: Enabled extensions:
['scrapy.extensions.corestats.CoreStats',
 'scrapy.extensions.telnet.TelnetConsole',
 'scrapy.extensions.logstats.LogStats']
2025-11-22 04:06:46 [scrapy.crawler] INFO: Overridden settings:
{'LOG_FILE': 'scrapy.log',
 'LOG_LEVEL': 'INFO',
 'SPIDER_MODULES': ['instagram.spiders'],
 'USER_AGENT': 'Instagram 155.0.0.37.107'}
2025-11-22 04:06:46 [scrapy.middleware] INFO: Enabled downloader middlewares:
['scrapy.downloadermiddlewares.offsite.OffsiteMiddleware',
 'scrapy.downloadermiddlewares.httpauth.HttpAuthMiddleware',
 'scrapy.downloadermiddlewares.downloadtimeout.DownloadTimeoutMiddleware',
 'scrapy.downloadermiddlewares.defaultheaders.DefaultHeadersMiddleware',
 'scrapy.downloadermiddlewares.useragent.UserAgentMiddleware',
 'scrapy.downloadermiddlewares.retry.RetryMiddleware',
 'scrapy.downloadermiddlewares.redirect.MetaRefreshMiddleware',
 'scrapy.downloadermiddlewares.httpcompression.HttpCompressionMiddleware',
 'scrapy.downloadermiddlewares.redirect.RedirectMiddleware',
 'scrapy.downloadermiddlewares.cookies.CookiesMiddleware',
 'scrapy.downloadermiddlewares.httpproxy.HttpProxyMiddleware',
 'scrapy.downloadermiddlewares.stats.DownloaderStats']
2025-11-22 04:06:46 [scrapy.middleware] INFO: Enabled spider middlewares:
['scrapy.spidermiddlewares.start.StartSpiderMiddleware',
 'scrapy.spidermiddlewares.httperror.HttpErrorMiddleware',
 'scrapy.spidermiddlewares.referer.RefererMiddleware',
 'scrapy.spidermiddlewares.urllength.UrlLengthMiddleware',
 'scrapy.spidermiddlewares.depth.DepthMiddleware']
2025-11-22 04:06:46 [scrapy.middleware] INFO: Enabled item pipelines:
['instagram.pipelines.MongoPipeline']
2025-11-22 04:06:46 [scrapy.core.engine] INFO: Spider opened
2025-11-22 04:06:46 [py.warnings] WARNING: C:\Users\VectorASD\AppData\Local\Programs\Python\Python313\Lib\site-packages\scrapy\core\spidermw.py:433: ScrapyDeprecationWarning: instagram.spiders.instagram_spider.InstagramSpider defines the deprecated start_requests() method. start_requests() has been deprecated in favor of a new method, start(), to support asynchronous code execution. start_requests() will stop being called in a future version of Scrapy. If you use Scrapy 2.13 or higher only, replace start_requests() with start(); note that start() is a coroutine (async def). If you need to maintain compatibility with lower Scrapy versions, when overriding start_requests() in a spider class, override start() as well; you can use super() to reuse the inherited start() implementation without copy-pasting. See the release notes of Scrapy 2.13 for details: https://docs.scrapy.org/en/2.13/news.html
  warn(

2025-11-22 04:06:46 [scrapy.extensions.logstats] INFO: Crawled 0 pages (at 0 pages/min), scraped 0 items (at 0 items/min)
2025-11-22 04:06:46 [scrapy.extensions.telnet] INFO: Telnet console listening on 127.0.0.1:6023
2025-11-22 04:07:26 [scrapy.core.engine] INFO: Closing spider (finished)
2025-11-22 04:07:27 [scrapy.statscollectors] INFO: Dumping Scrapy stats:
{'downloader/request_bytes': 1686500,
 'downloader/request_count': 1915,
 'downloader/request_method_count/GET': 1915,
 'downloader/response_bytes': 10319249,
 'downloader/response_count': 1915,
 'downloader/response_status_count/200': 1915,
 'dupefilter/filtered': 84,
 'elapsed_time_seconds': 40.071144,
 'finish_reason': 'finished',
 'finish_time': datetime.datetime(2025, 11, 21, 21, 7, 27, 420, tzinfo=datetime.timezone.utc),
 'httpcompression/response_bytes': 1987002,
 'httpcompression/response_count': 83,
 'item_scraped_count': 3751,
 'items_per_minute': 5626.5,
 'log_count/INFO': 10,
 'log_count/WARNING': 1,
 'request_depth_max': 28,
 'response_received_count': 1915,
 'responses_per_minute': 2872.5,
 'scheduler/dequeued': 1915,
 'scheduler/dequeued/memory': 1915,
 'scheduler/enqueued': 1915,
 'scheduler/enqueued/memory': 1915,
 'start_time': datetime.datetime(2025, 11, 21, 21, 6, 46, 929276, tzinfo=datetime.timezone.utc)}
2025-11-22 04:07:27 [scrapy.core.engine] INFO: Spider closed (finished)
